    Blocking waiting for file lock on package cache
  Installing pyrefly-producer v0.9.3 (/Users/ctai/Github/code-reality/crates/pyrefly-producer)
warning: default toolchain implicitly overridden with `1.96.0-aarch64-apple-darwin` by rustup toolchain file
  |
  = help: use `cargo +stable install` if you meant to use the stable toolchain
  = note: rustup selects the toolchain based on the parent environment and not the environment of the package being installed
    Updating crates.io index
warning: package `chacha20 v0.10.1` in Cargo.lock is yanked in registry `crates-io`, consider running without --locked
   Compiling psm v0.1.32
   Compiling zstd-sys v2.0.16+zstd.1.5.7
   Compiling tikv-jemalloc-sys v0.7.1+5.3.1-0-g81034ce1f1373e37dc865038e1bc8eeecf559ce8
   Compiling tree-sitter v0.25.10
   Compiling libsqlite3-sys v0.38.2
   Compiling tree-sitter-javascript v0.25.0
   Compiling tree-sitter-typescript v0.23.2
   Compiling stacker v0.1.25
   Compiling ruff_python_parser v0.0.10
   Compiling pyrefly_python v1.3.0-dev.2 (https://github.com/facebook/pyrefly.git?rev=1d64c4b605445f43d66162e56592837223b3dabf#1d64c4b6)
   Compiling pyrefly_build v1.3.0-dev.2 (https://github.com/facebook/pyrefly.git?rev=1d64c4b605445f43d66162e56592837223b3dabf#1d64c4b6)
   Compiling pyrefly_config v1.3.0-dev.2 (https://github.com/facebook/pyrefly.git?rev=1d64c4b605445f43d66162e56592837223b3dabf#1d64c4b6)
   Compiling code-reality v0.9.3 (/Users/ctai/Github/code-reality/crates/code-reality)
   Compiling zstd-safe v7.2.4
   Compiling pyrefly_types v1.3.0-dev.2 (https://github.com/facebook/pyrefly.git?rev=1d64c4b605445f43d66162e56592837223b3dabf#1d64c4b6)
   Compiling zstd v0.13.3
   Compiling pyrefly_bundled v1.3.0-dev.2 (https://github.com/facebook/pyrefly.git?rev=1d64c4b605445f43d66162e56592837223b3dabf#1d64c4b6)
   Compiling rusqlite v0.40.2
   Compiling tikv-jemallocator v0.7.0
   Compiling pyrefly v1.3.0-dev.2 (https://github.com/facebook/pyrefly.git?rev=1d64c4b605445f43d66162e56592837223b3dabf#1d64c4b6)
   Compiling pyrefly-producer v0.9.3 (/Users/ctai/Github/code-reality/crates/pyrefly-producer)
    Finished `release` profile [optimized] target(s) in 1m 31s
   Replacing /Users/ctai/.cargo/bin/overlay-gen
   Replacing /Users/ctai/.cargo/bin/pyrefly-index
   Replacing /Users/ctai/.cargo/bin/pyrefly-lsp
    Replaced package `pyrefly-producer v0.9.3 (/Users/ctai/Github/code-reality/crates/pyrefly-producer)` with `pyrefly-producer v0.9.3 (/Users/ctai/Github/code-reality/crates/pyrefly-producer)` (executables `overlay-gen`, `pyrefly-index`, `pyrefly-lsp`)
